Installing Fail2ban

sathish@Ubuntu:~$ sudo apt install fail2ban -y
[sudo] password for sathish: 
Reading package lists... Done
Building dependency tree... Done
Reading state information... Done
fail2ban is already the newest version (0.11.2-6).
The following package was automatically installed and is no longer required:
  systemd-hwe-hwdb
Use 'sudo apt autoremove' to remove it.
0 upgraded, 0 newly installed, 0 to remove and 243 not upgraded.


Used For Check Status - Avtive or In-active

sathish@Ubuntu:~$ sudo systemctl status fail2ban
● fail2ban.service - Fail2Ban Service
     Loaded: loaded (/lib/systemd/system/fail2ban.service; enabled; vendor pres>
     Active: active (running) since Wed 2023-01-11 22:29:45 IST; 21min ago
       Docs: man:fail2ban(1)
   Main PID: 713 (fail2ban-server)
      Tasks: 5 (limit: 2287)
     Memory: 15.0M
        CPU: 975ms
     CGroup: /system.slice/fail2ban.service
             └─713 /usr/bin/python3 /usr/bin/fail2ban-server -xf start

Jan 11 22:29:45 Ubuntu systemd[1]: Started Fail2Ban Service.
Jan 11 22:29:46 Ubuntu fail2ban-server[713]: Server ready


Fial2ban Conif Directories

sathish@Ubuntu:~$ sudo ls -l /etc/fail2ban/
total 68
drwxr-xr-x 2 root root  4096 Jan 11 11:27 action.d
-rw-r--r-- 1 root root  2816 Nov 24  2020 fail2ban.conf
drwxr-xr-x 2 root root  4096 Mar 11  2022 fail2ban.d
drwxr-xr-x 3 root root  4096 Jan 11 11:27 filter.d
-rw-r--r-- 1 root root 25071 Mar 11  2022 jail.conf
drwxr-xr-x 2 root root  4096 Jan 11 11:27 jail.d
-rw-r--r-- 1 root root    80 Jan 11 17:18 jail.local
-rw-r--r-- 1 root root   645 Nov 24  2020 paths-arch.conf
-rw-r--r-- 1 root root  2827 Nov 24  2020 paths-common.conf
-rw-r--r-- 1 root root   650 Mar 11  2022 paths-debian.conf
-rw-r--r-- 1 root root   738 Nov 24  2020 paths-opensuse.conf
sathish@Ubuntu:~$ sudo nano /etc/fail2ban/jail.d/sshd.conf


Set Config Manually [DEFAULT] - set config for Default
ignoreip - used for ignore ip to ban away from limits
bantime - used for ban that ip address how long
findtime - used for give time gap of after retry limit reached then give new chance
maxretry - used for set maximum attempt of login chance

sathish@Ubuntu:~$ sudo nano /etc/fail2ban/jail.local
[sudo] password for sathish: 
sathish@Ubuntu:~$ sudo cat /etc/fail2ban/jail.local
[DEFAULT]

ignoreip = 122.173.104.73
bantime = 60m
findtime = 5m
maxretry = 3



set Config [sshd] for SSH
enabled - true or false used for set manually on and off
port - type is ssh
filter - some more options also available so pined 
logpath - save auth info on log file

sathish@Ubuntu:~$ sudo nano /etc/fail2ban/jail.d/sshd.conf
sathish@Ubuntu:~$ sudo cat /etc/fail2ban/jail.d/sshd.conf
[sshd]

enabled = true
port = ssh
bantime = 1d
ignoreip = 157.49.86.199
maxretry = 5
filter = sshd
logpath = /var/log/auth.log

same as use on webmin , wordpress, and proftp liitle different only
webmin port = 10000, filter = webmin-auth
wordpress port = http,https, filter = wordpress
proftp port = ftp,ftp-data.ftps,ftps-data , filter = proftpd



After Add or Update anything do must restart server use this command

sathish@Ubuntu:~$ sudo systemctl restart fail2ban



Enable Fail2ban Service Use this Command

sathish@Ubuntu:~$ sudo systemctl enable fail2ban.service 
[sudo] password for sathish: 
Synchronizing state of fail2ban.service with SysV service script with /lib/systemd/systemd-sysv-install.
Executing: /lib/systemd/systemd-sysv-install enable fail2ban



for ban, unban ip manually and check client status

sathish@Ubuntu:~$ sudo fail2ban-client set sshd banip 222.55.609.98
1
sathish@Ubuntu:~$ sudo fail2ban-client status sshd
Status for the jail: sshd
|- Filter
|  |- Currently failed:	0
|  |- Total failed:	0
|  `- File list:	/var/log/auth.log
`- Actions
   |- Currently banned:	1
   |- Total banned:	1
   `- Banned IP list:	222.55.609.98
sathish@Ubuntu:~$ sudo fail2ban-client set sshd unbanip 222.55.609.98
1
sathish@Ubuntu:~$ sudo fail2ban-client status sshd
Status for the jail: sshd
|- Filter
|  |- Currently failed:	0
|  |- Total failed:	0
|  `- File list:	/var/log/auth.log
`- Actions
   |- Currently banned:	0
   |- Total banned:	1
   `- Banned IP list:	
sathish@Ubuntu:~$ 



installing ufw 

sathish@Ubuntu:~$ sudo apt install ufw
[sudo] password for sathish: 
Reading package lists... Done
Building dependency tree... Done
Reading state information... Done
ufw is already the newest version (0.36.1-4build1).
ufw set to manually installed.
The following package was automatically installed and is no longer required:
  systemd-hwe-hwdb
Use 'sudo apt autoremove' to remove it.
0 upgraded, 0 newly installed, 0 to remove and 243 not upgraded.



ufw check status

sathish@Ubuntu:~$ sudo ufw status verbose
Status: inactive



ufw appl list
sathish@Ubuntu:~$ sudo ufw app list
Available applications:
  CUPS
  
  
 
 ufw app info 

sathish@Ubuntu:~$ sudo ufw app info 'CUPS'
Profile: CUPS
Title: Common UNIX Printing System server
Description: CUPS is a printing system with support for IPP, samba, lpd,
and other protocols.

Port:
  631
sathis


allow ssh to use 

h@Ubuntu:~$ sudo ufw allow ssh
Rules updated
Rules updated (v6)



allow or deny port nubmer as set type

sathish@Ubuntu:~$ sudo ufw allow 1222/tcp
Rules updated
Rules updated (v6)



allow or deny both port 
sathish@Ubuntu:~$ sudo ufw allow 7100:7200/tcp
Rules updated
Rules updated (v6)


allow or deny to use http
sathish@Ubuntu:~$ sudo ufw allow http

Rules updated
Rules updated (v6)



allow or deny incomings, outgoings

sathish@Ubuntu:~$ sudo ufw default deny incoming
Default incoming policy changed to 'deny'
(be sure to update your rules accordingly)
sathish@Ubuntu:~$ sudo ufw default allow outgoing
Default outgoing policy changed to 'allow'
(be sure to update your rules accordingly)
sathish@Ubuntu:~$ 



allow or deny manually set ipaddress 
sathish@Ubuntu:~$ sudo ufw allow from 106.45.254.1
Rules updated


enable ufw 
sathish@Ubuntu:~$ sudo ufw enable
Firewall is active and enabled on system startup



now checking status of settings

sathish@Ubuntu:~$ sudo ufw status verbose
Status: active
Logging: on (low)
Default: deny (incoming), allow (outgoing), disabled (routed)
New profiles: skip

To                         Action      From
--                         ------      ----
22/tcp                     ALLOW IN    Anywhere                  
1222/tcp                   ALLOW IN    Anywhere                  
80/tcp                     ALLOW IN    Anywhere                  
7100:7200/tcp              ALLOW IN    Anywhere                  
Anywhere                   ALLOW IN    106.45.254.1              
22/tcp (v6)                ALLOW IN    Anywhere (v6)             
1222/tcp (v6)              ALLOW IN    Anywhere (v6)             
80/tcp (v6)                ALLOW IN    Anywhere (v6)             
7100:7200/tcp (v6)         ALLOW IN    Anywhere (v6)             

sathish@Ubuntu:~$ 



no need ufw then disable 

sathish@Ubuntu:~$ sudo ufw disable
Firewall stopped and disabled on system startup



after disable check status

sathish@Ubuntu:~$ sudo ufw status verbose
Status: inactive
sathish@Ubuntu:~$ 



